--- A. the SOT constraints as written, for reference
SOT plan (1 block, buy 2027, floor £120k)                              P750= 0.8% P500= 4.1% deal= 19% P750|deal= 4.1% EV= 174k NW50= 210k days= 288 hrs=[24, 25, 9, 9, 8, 8, 7, 7]
2 blocks/yr x2 then buy (base case)                                    P750= 3.4% P500=11.3% deal= 41% P750|deal= 8.1% EV= 232k NW50= 243k days= 325 hrs=[11, 11, 29, 27, 12, 12, 11, 9]
--- B. what Dale says is movable: more contracting
3 blocks/yr x2, then buy, 1 block/yr while searching                   P750= 5.4% P500=17.3% deal= 50% P750|deal=10.2% EV= 249k NW50= 284k days= 375 hrs=[16, 16, 32, 28, 13, 13, 12, 10]
4 blocks/yr (~£12k/month) x1, then buy                                 P750= 4.9% P500=14.6% deal= 45% P750|deal=10.3% EV= 232k NW50= 261k days= 348 hrs=[21, 30, 27, 12, 12, 11, 10, 9]
4 blocks/yr x2, then buy                                               P750= 8.4% P500=24.1% deal= 56% P750|deal=13.8% EV= 266k NW50= 330k days= 429 hrs=[21, 21, 33, 28, 14, 13, 12, 10]
4 blocks/yr x2, buy, + 1 block/yr while running it                     P750=11.5% P500=29.1% deal= 56% P750|deal=19.2% EV= 266k NW50= 357k days= 492 hrs=[21, 21, 33, 30, 16, 16, 14, 12]
4 blocks/yr x2, buy, + 2 blocks/yr while running it                    P750=14.0% P500=33.8% deal= 56% P750|deal=24.2% EV= 266k NW50= 383k days= 558 hrs=[21, 21, 33, 32, 19, 18, 16, 14]
--- C. use the floor
2 blocks x2, floor £60k                                                P750= 5.2% P500=15.6% deal= 58% P750|deal= 8.9% EV= 262k NW50= 255k days= 294 hrs=[10, 11, 33, 28, 14, 14, 12, 11]
4 blocks x2, floor £60k                                                P750= 9.9% P500=26.3% deal= 62% P750|deal=15.1% EV= 290k NW50= 337k days= 411 hrs=[21, 21, 34, 29, 14, 14, 12, 11]
4 blocks x2, floor £60k, 1 block/yr while running                      P750=13.0% P500=31.5% deal= 62% P750|deal=20.1% EV= 290k NW50= 370k days= 484 hrs=[21, 21, 34, 31, 17, 16, 15, 12]
--- D. cash + a better-negotiated deal
4 blocks x2, floor £60k, 50% vendor note, 10y GGS                      P750= 9.9% P500=26.6% deal= 62% P750|deal=14.8% EV= 295k NW50= 340k days= 408 hrs=[21, 21, 34, 29, 14, 14, 12, 11]
  + buy at 2.3x (services/logistics pricing)                           P750=17.2% P500=34.6% deal= 62% P750|deal=26.5% EV= 295k NW50= 377k days= 403 hrs=[21, 21, 34, 29, 14, 14, 12, 11]
  + bigger target deal (EV £400k median)                               P750=22.4% P500=38.6% deal= 62% P750|deal=35.3% EV= 380k NW50= 401k days= 406 hrs=[21, 21, 34, 29, 14, 14, 12, 11]
  + EBITDA growth 8%/yr (second line)                                  P750=28.2% P500=43.9% deal= 62% P750|deal=44.8% EV= 380k NW50= 434k days= 404 hrs=[21, 21, 34, 29, 14, 14, 12, 11]
  + 1 block/yr while running                                           P750=31.5% P500=46.9% deal= 62% P750|deal=50.1% EV= 380k NW50= 467k days= 481 hrs=[21, 21, 34, 30, 17, 16, 15, 12]
  + exit at 3.5x when sold                                             P750=32.8% P500=48.1% deal= 62% P750|deal=52.1% EV= 380k NW50= 477k days= 481 hrs=[21, 21, 34, 30, 17, 16, 15, 12]
--- E. contracting only, heavy
4 blocks/yr for 8 years (~£12k/month, no business)                     P750=16.6% P500=63.6% deal=  0% P750|deal= 0.0% EV=   0k NW50= 556k days=1007 hrs=[19, 20, 20, 20, 20, 20, 20, 20]
4 blocks/yr for 8 years, floor irrelevant                              P750=16.6% P500=63.6% deal=  0% P750|deal= 0.0% EV=   0k NW50= 556k days=1007 hrs=[19, 20, 20, 20, 20, 20, 20, 20]
--- F. build with heavy contracting cash behind it
build B2B services, 2 fallback blocks/yr if it dies                    P750= 1.2% P500=11.1% deal=100% P750|deal= 1.2% EV=   0k NW50= 314k days= 379 hrs=[39, 24, 21, 20, 17, 15, 14, 13]
build AWS/AI consultancy (as modelled)                                 P750= 7.6% P500=20.4% deal=100% P750|deal= 7.6% EV=   0k NW50= 284k days= 203 hrs=[31, 23, 18, 16, 13, 10, 9, 8]
build AI app w/ 2nd person, fit=1, 2 fallback blocks/yr                P750=10.3% P500=18.6% deal=100% P750|deal=10.3% EV=   0k NW50= 276k days= 402 hrs=[34, 31, 23, 20, 18, 16, 15, 14]
hybrid + app for owned customers, 4 blocks x2, floor £60k, 2.3x, 50% VN P750=26.3% P500=41.9% deal= 61% P750|deal=42.1% EV= 375k NW50= 422k days= 481 hrs=[21, 21, 34, 30, 19, 19, 16, 13]
BEST (4 blocks x2, floor 60k, 50% VN, 10y, 2.3x, £400k, 8% growth, 1 blk/yr) P750=32.8% P500=48.1% deal= 62% P750|deal=52.1% EV= 380k NW50= 477k days= 481 floor=  4%
  same, blocks land 90% of the time (reliable £12k/month)          P750=36.4% P500=54.5% deal= 63% P750|deal=56.1% EV= 391k NW50= 546k days= 573 floor=  3%
  same, horizon 2036 (42)                                          P750=38.5% P500=53.1% deal= 62% P750|deal=59.7% EV= 380k NW50= 541k days= 549 floor=  4%
  same, horizon 2038 (44)                                          P750=42.0% P500=56.8% deal= 62% P750|deal=63.0% EV= 380k NW50= 598k days= 617 floor=  5%
  health version: 3 blocks x2 instead of 4                         P750=29.0% P500=42.8% deal= 60% P750|deal=47.9% EV= 361k NW50= 415k days= 415 floor=  5%
  health version: 3 blocks x2, no blocks while running             P750=25.8% P500=39.3% deal= 60% P750|deal=42.4% EV= 361k NW50= 390k days= 341 floor=  8%
  without the 8% growth (3% base)                                  P750=27.1% P500=43.9% deal= 62% P750|deal=42.9% EV= 380k NW50= 440k days= 482 floor=  5%
  without the 2.3x (2.8x distributor pricing)                      P750=26.2% P500=42.7% deal= 62% P750|deal=41.5% EV= 380k NW50= 432k days= 483 floor=  6%
  keep the £120k floor                                             P750=28.0% P500=43.0% deal= 55% P750|deal=50.0% EV= 346k NW50= 431k days= 485 floor=  7%
  pessimistic fit (0.8) and yr-1 severe decline 25%                P750=19.8% P500=33.6% deal= 47% P750|deal=40.3% EV= 379k NW50= 373k days= 483 floor=  6%
